Archive member included to satisfy reference by file (symbol)

c:/st/stm32cubeide_1.7.0/stm32cubeide/plugins/com.st.stm32cube.ide.mcu.externaltools.gnu-tools-for-stm32.9-2020-q2-update.win32_2.0.0.202105311346/tools/bin/../lib/gcc/arm-none-eabi/9.3.1/../../../../arm-none-eabi/lib/thumb/v7-m/nofp\libc_nano.a(lib_a-errno.o)
                              ./Core/Src/syscalls.o (__errno)
c:/st/stm32cubeide_1.7.0/stm32cubeide/plugins/com.st.stm32cube.ide.mcu.externaltools.gnu-tools-for-stm32.9-2020-q2-update.win32_2.0.0.202105311346/tools/bin/../lib/gcc/arm-none-eabi/9.3.1/../../../../arm-none-eabi/lib/thumb/v7-m/nofp\libc_nano.a(lib_a-exit.o)
                              c:/st/stm32cubeide_1.7.0/stm32cubeide/plugins/com.st.stm32cube.ide.mcu.externaltools.gnu-tools-for-stm32.9-2020-q2-update.win32_2.0.0.202105311346/tools/bin/../lib/gcc/arm-none-eabi/9.3.1/../../../../arm-none-eabi/lib/thumb/v7-m/nofp/crt0.o (exit)
c:/st/stm32cubeide_1.7.0/stm32cubeide/plugins/com.st.stm32cube.ide.mcu.externaltools.gnu-tools-for-stm32.9-2020-q2-update.win32_2.0.0.202105311346/tools/bin/../lib/gcc/arm-none-eabi/9.3.1/../../../../arm-none-eabi/lib/thumb/v7-m/nofp\libc_nano.a(lib_a-impure.o)
                              c:/st/stm32cubeide_1.7.0/stm32cubeide/plugins/com.st.stm32cube.ide.mcu.externaltools.gnu-tools-for-stm32.9-2020-q2-update.win32_2.0.0.202105311346/tools/bin/../lib/gcc/arm-none-eabi/9.3.1/../../../../arm-none-eabi/lib/thumb/v7-m/nofp\libc_nano.a(lib_a-exit.o) (_global_impure_ptr)
c:/st/stm32cubeide_1.7.0/stm32cubeide/plugins/com.st.stm32cube.ide.mcu.externaltools.gnu-tools-for-stm32.9-2020-q2-update.win32_2.0.0.202105311346/tools/bin/../lib/gcc/arm-none-eabi/9.3.1/../../../../arm-none-eabi/lib/thumb/v7-m/nofp\libc_nano.a(lib_a-init.o)
                              c:/st/stm32cubeide_1.7.0/stm32cubeide/plugins/com.st.stm32cube.ide.mcu.externaltools.gnu-tools-for-stm32.9-2020-q2-update.win32_2.0.0.202105311346/tools/bin/../lib/gcc/arm-none-eabi/9.3.1/../../../../arm-none-eabi/lib/thumb/v7-m/nofp/crt0.o (__libc_init_array)
c:/st/stm32cubeide_1.7.0/stm32cubeide/plugins/com.st.stm32cube.ide.mcu.externaltools.gnu-tools-for-stm32.9-2020-q2-update.win32_2.0.0.202105311346/tools/bin/../lib/gcc/arm-none-eabi/9.3.1/../../../../arm-none-eabi/lib/thumb/v7-m/nofp\libc_nano.a(lib_a-memset.o)
                              c:/st/stm32cubeide_1.7.0/stm32cubeide/plugins/com.st.stm32cube.ide.mcu.externaltools.gnu-tools-for-stm32.9-2020-q2-update.win32_2.0.0.202105311346/tools/bin/../lib/gcc/arm-none-eabi/9.3.1/../../../../arm-none-eabi/lib/thumb/v7-m/nofp/crt0.o (memset)

Allocating common symbols
Common symbol       size              file

KeyReg3             0xc               ./Core/Src/button2.o
KeyReg0             0xc               ./Core/Src/button2.o
flag                0xc               ./Core/Src/button2.o
uwTick              0x4               ./Drivers/STM32F1xx_HAL_Driver/Src/stm32f1xx_hal.o
pFlash              0x20              ./Drivers/STM32F1xx_HAL_Driver/Src/stm32f1xx_hal_flash.o
KeyReg1             0xc               ./Core/Src/button2.o
TimeOutForKeyPress  0xc               ./Core/Src/button2.o
KeyReg2             0xc               ./Core/Src/button2.o
htim2               0x48              ./Core/Src/main.o
timer1_counter      0x8               ./Core/Src/software_timer.o

Discarded input sections

 .text          0x0000000000000000        0x0 c:/st/stm32cubeide_1.7.0/stm32cubeide/plugins/com.st.stm32cube.ide.mcu.externaltools.gnu-tools-for-stm32.9-2020-q2-update.win32_2.0.0.202105311346/tools/bin/../lib/gcc/arm-none-eabi/9.3.1/thumb/v7-m/nofp/crti.o
 .data          0x0000000000000000        0x0 c:/st/stm32cubeide_1.7.0/stm32cubeide/plugins/com.st.stm32cube.ide.mcu.externaltools.gnu-tools-for-stm32.9-2020-q2-update.win32_2.0.0.202105311346/tools/bin/../lib/gcc/arm-none-eabi/9.3.1/thumb/v7-m/nofp/crti.o
 .bss           0x0000000000000000        0x0 c:/st/stm32cubeide_1.7.0/stm32cubeide/plugins/com.st.stm32cube.ide.mcu.externaltools.gnu-tools-for-stm32.9-2020-q2-update.win32_2.0.0.202105311346/tools/bin/../lib/gcc/arm-none-eabi/9.3.1/thumb/v7-m/nofp/crti.o
 .data          0x0000000000000000        0x4 c:/st/stm32cubeide_1.7.0/stm32cubeide/plugins/com.st.stm32cube.ide.mcu.externaltools.gnu-tools-for-stm32.9-2020-q2-update.win32_2.0.0.202105311346/tools/bin/../lib/gcc/arm-none-eabi/9.3.1/thumb/v7-m/nofp/crtbegin.o
 .text          0x0000000000000000       0x7c c:/st/stm32cubeide_1.7.0/stm32cubeide/plugins/com.st.stm32cube.ide.mcu.externaltools.gnu-tools-for-stm32.9-2020-q2-update.win32_2.0.0.202105311346/tools/bin/../lib/gcc/arm-none-eabi/9.3.1/../../../../arm-none-eabi/lib/thumb/v7-m/nofp/crt0.o
 .data          0x0000000000000000        0x0 c:/st/stm32cubeide_1.7.0/stm32cubeide/plugins/com.st.stm32cube.ide.mcu.externaltools.gnu-tools-for-stm32.9-2020-q2-update.win32_2.0.0.202105311346/tools/bin/../lib/gcc/arm-none-eabi/9.3.1/../../../../arm-none-eabi/lib/thumb/v7-m/nofp/crt0.o
[...]
Memory Configuration

Name             Origin             Length             Attributes
RAM              0x0000000020000000 0x0000000000002800 xrw
FLASH            0x0000000008000000 0x0000000000008000 xr
*default*        0x0000000000000000 0xffffffffffffffff

Linker script and memory map

LOAD c:/st/stm32cubeide_1.7.0/stm32cubeide/plugins/com.st.stm32cube.ide.mcu.externaltools.gnu-tools-for-stm32.9-2020-q2-update.win32_2.0.0.202105311346/tools/bin/../lib/gcc/arm-none-eabi/9.3.1/thumb/v7-m/nofp/crti.o
LOAD c:/st/stm32cubeide_1.7.0/stm32cubeide/plugins/com.st.stm32cube.ide.mcu.externaltools.gnu-tools-for-stm32.9-2020-q2-update.win32_2.0.0.202105311346/tools/bin/../lib/gcc/arm-none-eabi/9.3.1/thumb/v7-m/nofp/crtbegin.o
LOAD c:/st/stm32cubeide_1.7.0/stm32cubeide/plugins/com.st.stm32cube.ide.mcu.externaltools.gnu-tools-for-stm32.9-2020-q2-update.win32_2.0.0.202105311346/tools/bin/../lib/gcc/arm-none-eabi/9.3.1/../../../../arm-none-eabi/lib/thumb/v7-m/nofp/crt0.o
LOAD ./Core/Src/button.o
LOAD ./Core/Src/button2.o
LOAD ./Core/Src/display7SEG.o
LOAD ./Core/Src/fns_automata.o
LOAD ./Core/Src/fns_automata2.o
LOAD ./Core/Src/fns_mode.o
LOAD ./Core/Src/fns_mode2.o
LOAD ./Core/Src/func_setting_mode.o
LOAD ./Core/Src/global.o
LOAD ./Core/Src/led_traffic.o
LOAD ./Core/Src/main.o
LOAD ./Core/Src/software_timer.o
LOAD ./Core/Src/stm32f1xx_hal_msp.o
LOAD ./Core/Src/stm32f1xx_it.o
LOAD ./Core/Src/syscalls.o
LOAD ./Core/Src/sysmem.o
LOAD ./Core/Src/system_stm32f1xx.o
LOAD ./Core/Startup/startup_stm32f103c6ux.o
LOAD ./Drivers/STM32F1xx_HAL_Driver/Src/stm32f1xx_hal.o
LOAD ./Drivers/STM32F1xx_HAL_Driver/Src/stm32f1xx_hal_cortex.o
LOAD ./Drivers/STM32F1xx_HAL_Driver/Src/stm32f1xx_hal_dma.o
LOAD ./Drivers/STM32F1xx_HAL_Driver/Src/stm32f1xx_hal_exti.o
LOAD ./Drivers/STM32F1xx_HAL_Driver/Src/stm32f1xx_hal_flash.o
LOAD ./Drivers/STM32F1xx_HAL_Driver/Src/stm32f1xx_hal_flash_ex.o
LOAD ./Drivers/STM32F1xx_HAL_Driver/Src/stm32f1xx_hal_gpio.o
LOAD ./Drivers/STM32F1xx_HAL_Driver/Src/stm32f1xx_hal_gpio_ex.o
LOAD ./Drivers/STM32F1xx_HAL_Driver/Src/stm32f1xx_hal_pwr.o
LOAD ./Drivers/STM32F1xx_HAL_Driver/Src/stm32f1xx_hal_rcc.o
LOAD ./Drivers/STM32F1xx_HAL_Driver/Src/stm32f1xx_hal_rcc_ex.o
LOAD ./Drivers/STM32F1xx_HAL_Driver/Src/stm32f1xx_hal_tim.o
LOAD ./Drivers/STM32F1xx_HAL_Driver/Src/stm32f1xx_hal_tim_ex.o
START GROUP
LOAD c:/st/stm32cubeide_1.7.0/stm32cubeide/plugins/com.st.stm32cube.ide.mcu.externaltools.gnu-tools-for-stm32.9-2020-q2-update.win32_2.0.0.202105311346/tools/bin/../lib/gcc/arm-none-eabi/9.3.1/../../../../arm-none-eabi/lib/thumb/v7-m/nofp\libc_nano.a
LOAD c:/st/stm32cubeide_1.7.0/stm32cubeide/plugins/com.st.stm32cube.ide.mcu.externaltools.gnu-tools-for-stm32.9-2020-q2-update.win32_2.0.0.202105311346/tools/bin/../lib/gcc/arm-none-eabi/9.3.1/../../../../arm-none-eabi/lib/thumb/v7-m/nofp\libm.a
END GROUP
START GROUP
LOAD c:/st/stm32cubeide_1.7.0/stm32cubeide/plugins/com.st.stm32cube.ide.mcu.externaltools.gnu-tools-for-stm32.9-2020-q2-update.win32_2.0.0.202105311346/tools/bin/../lib/gcc/arm-none-eabi/9.3.1/thumb/v7-m/nofp\libgcc.a
LOAD c:/st/stm32cubeide_1.7.0/stm32cubeide/plugins/com.st.stm32cube.ide.mcu.externaltools.gnu-tools-for-stm32.9-2020-q2-update.win32_2.0.0.202105311346/tools/bin/../lib/gcc/arm-none-eabi/9.3.1/../../../../arm-none-eabi/lib/thumb/v7-m/nofp\libc_nano.a
END GROUP
START GROUP
LOAD c:/st/stm32cubeide_1.7.0/stm32cubeide/plugins/com.st.stm32cube.ide.mcu.externaltools.gnu-tools-for-stm32.9-2020-q2-update.win32_2.0.0.202105311346/tools/bin/../lib/gcc/arm-none-eabi/9.3.1/thumb/v7-m/nofp\libgcc.a
LOAD c:/st/stm32cubeide_1.7.0/stm32cubeide/plugins/com.st.stm32cube.ide.mcu.externaltools.gnu-tools-for-stm32.9-2020-q2-update.win32_2.0.0.202105311346/tools/bin/../lib/gcc/arm-none-eabi/9.3.1/../../../../arm-none-eabi/lib/thumb/v7-m/nofp\libc_nano.a
LOAD c:/st/stm32cubeide_1.7.0/stm32cubeide/plugins/com.st.stm32cube.ide.mcu.externaltools.gnu-tools-for-stm32.9-2020-q2-update.win32_2.0.0.202105311346/tools/bin/../lib/gcc/arm-none-eabi/9.3.1/../../../../arm-none-eabi/lib/thumb/v7-m/nofp\libnosys.a
END GROUP
START GROUP
LOAD c:/st/stm32cubeide_1.7.0/stm32cubeide/plugins/com.st.stm32cube.ide.mcu.externaltools.gnu-tools-for-stm32.9-2020-q2-update.win32_2.0.0.202105311346/tools/bin/../lib/gcc/arm-none-eabi/9.3.1/thumb/v7-m/nofp\libgcc.a
LOAD c:/st/stm32cubeide_1.7.0/stm32cubeide/plugins/com.st.stm32cube.ide.mcu.externaltools.gnu-tools-for-stm32.9-2020-q2-update.win32_2.0.0.202105311346/tools/bin/../lib/gcc/arm-none-eabi/9.3.1/../../../../arm-none-eabi/lib/thumb/v7-m/nofp\libc_nano.a
LOAD c:/st/stm32cubeide_1.7.0/stm32cubeide/plugins/com.st.stm32cube.ide.mcu.externaltools.gnu-tools-for-stm32.9-2020-q2-update.win32_2.0.0.202105311346/tools/bin/../lib/gcc/arm-none-eabi/9.3.1/../../../../arm-none-eabi/lib/thumb/v7-m/nofp\libnosys.a
END GROUP
LOAD c:/st/stm32cubeide_1.7.0/stm32cubeide/plugins/com.st.stm32cube.ide.mcu.externaltools.gnu-tools-for-stm32.9-2020-q2-update.win32_2.0.0.202105311346/tools/bin/../lib/gcc/arm-none-eabi/9.3.1/thumb/v7-m/nofp/crtend.o
LOAD c:/st/stm32cubeide_1.7.0/stm32cubeide/plugins/com.st.stm32cube.ide.mcu.externaltools.gnu-tools-for-stm32.9-2020-q2-update.win32_2.0.0.202105311346/tools/bin/../lib/gcc/arm-none-eabi/9.3.1/thumb/v7-m/nofp/crtn.o
                0x0000000020002800                _estack = (ORIGIN (RAM) + LENGTH (RAM))
                0x0000000000000200                _Min_Heap_Size = 0x200
                0x0000000000000400                _Min_Stack_Size = 0x400

.isr_vector     0x0000000008000000      0x10c
                0x0000000008000000                . = ALIGN (0x4)
 *(.isr_vector)
 .isr_vector    0x0000000008000000      0x10c ./Core/Startup/startup_stm32f103c6ux.o
                0x0000000008000000                g_pfnVectors
                0x000000000800010c                . = ALIGN (0x4)

.text           0x000000000800010c     0x2928
                0x000000000800010c                . = ALIGN (0x4)
 *(.text)
 .text          0x000000000800010c       0x40 c:/st/stm32cubeide_1.7.0/stm32cubeide/plugins/com.st.stm32cube.ide.mcu.externaltools.gnu-tools-for-stm32.9-2020-q2-update.win32_2.0.0.202105311346/tools/bin/../lib/gcc/arm-none-eabi/9.3.1/thumb/v7-m/nofp/crtbegin.o
 *(.text*)
 .text.subKeyProcess
                0x000000000800014c       0x20 ./Core/Src/button2.o
                0x000000000800014c                subKeyProcess
 .text.isButtonPressed
                0x000000000800016c       0x34 ./Core/Src/button2.o
                0x000000000800016c                isButtonPressed
 .text.getKeyInput
                0x00000000080001a0      0x11c ./Core/Src/button2.o
                0x00000000080001a0                getKeyInput
 .text.set_display7SEG
                0x00000000080002bc      0x3c4 ./Core/Src/display7SEG.o
                0x00000000080002bc                set_display7SEG
 .text.display7SEG
                0x0000000008000680       0x4c ./Core/Src/display7SEG.o
                0x0000000008000680                display7SEG
 .text.update7SEG
                0x00000000080006cc      0x13c ./Core/Src/display7SEG.o
                0x00000000080006cc                update7SEG
 .text.set_update7SEG_VALUE
                0x0000000008000808       0x70 ./Core/Src/display7SEG.o
                0x0000000008000808                set_update7SEG_VALUE
 .text.fns_automata_run
                0x0000000008000878      0x1b0 ./Core/Src/fns_automata.o
                0x0000000008000878                fns_automata_run
 .text.fns_mode_run
                0x0000000008000a28      0x208 ./Core/Src/fns_mode.o
                0x0000000008000a28                fns_mode_run
 .text.run_MODE2
                0x0000000008000c30       0x34 ./Core/Src/func_setting_mode.o
                0x0000000008000c30                run_MODE2
 .text.run_MODE3
                0x0000000008000c64       0x34 ./Core/Src/func_setting_mode.o
                0x0000000008000c64                run_MODE3
 .text.run_MODE4
                0x0000000008000c98       0x38 ./Core/Src/func_setting_mode.o
                0x0000000008000c98                run_MODE4
 .text.RED_LIGHT_mode
                0x0000000008000cd0       0x40 ./Core/Src/led_traffic.o
                0x0000000008000cd0                RED_LIGHT_mode
 .text.YELLOW_LIGHT_mode
                0x0000000008000d10       0x40 ./Core/Src/led_traffic.o
                0x0000000008000d10                YELLOW_LIGHT_mode
 .text.GREEN_LIGHT_mode
                0x0000000008000d50       0x40 ./Core/Src/led_traffic.o
                0x0000000008000d50                GREEN_LIGHT_mode
 .text.RED_LIGHT
                0x0000000008000d90       0x54 ./Core/Src/led_traffic.o
                0x0000000008000d90                RED_LIGHT
 .text.YELLOW_LIGHT
                0x0000000008000de4       0x54 ./Core/Src/led_traffic.o
                0x0000000008000de4                YELLOW_LIGHT
 .text.GREEN_LIGHT
                0x0000000008000e38       0x54 ./Core/Src/led_traffic.o
                0x0000000008000e38                GREEN_LIGHT
 .text.LIGHT_OFF
                0x0000000008000e8c       0x40 ./Core/Src/led_traffic.o
                0x0000000008000e8c                LIGHT_OFF
 .text.ALL_LIGHT_OFF
                0x0000000008000ecc       0x40 ./Core/Src/led_traffic.o
                0x0000000008000ecc                ALL_LIGHT_OFF
 .text.main     0x0000000008000f0c       0x30 ./Core/Src/main.o
                0x0000000008000f0c                main
 .text.SystemClock_Config
                0x0000000008000f3c       0x76 ./Core/Src/main.o
                0x0000000008000f3c                SystemClock_Config
 *fill*         0x0000000008000fb2        0x2 
 .text.MX_TIM2_Init
                0x0000000008000fb4       0x98 ./Core/Src/main.o
 .text.MX_GPIO_Init
                0x000000000800104c       0xc0 ./Core/Src/main.o
 .text.HAL_TIM_PeriodElapsedCallback
                0x000000000800110c       0x18 ./Core/Src/main.o
                0x000000000800110c                HAL_TIM_PeriodElapsedCallback
 .text.Error_Handler
                0x0000000008001124        0xa ./Core/Src/main.o
                0x0000000008001124                Error_Handler
 *fill*         0x000000000800112e        0x2 
 .text.setTimer1
                0x0000000008001130       0x38 ./Core/Src/software_timer.o
                0x0000000008001130                setTimer1
 .text.setTimer2
                0x0000000008001168       0x2c ./Core/Src/software_timer.o
                0x0000000008001168                setTimer2
 .text.setTimer3
                0x0000000008001194       0x2c ./Core/Src/software_timer.o
                0x0000000008001194                setTimer3
 .text.timerRun
                0x00000000080011c0       0xb0 ./Core/Src/software_timer.o
                0x00000000080011c0                timerRun
 .text.HAL_MspInit
                0x0000000008001270       0x64 ./Core/Src/stm32f1xx_hal_msp.o
                0x0000000008001270                HAL_MspInit
 .text.HAL_TIM_Base_MspInit
                0x00000000080012d4       0x48 ./Core/Src/stm32f1xx_hal_msp.o
                0x00000000080012d4                HAL_TIM_Base_MspInit
 .text.NMI_Handler
                0x000000000800131c        0x6 ./Core/Src/stm32f1xx_it.o
                0x000000000800131c                NMI_Handler
 .text.HardFault_Handler
                0x0000000008001322        0x6 ./Core/Src/stm32f1xx_it.o
                0x0000000008001322                HardFault_Handler
 .text.MemManage_Handler
                0x0000000008001328        0x6 ./Core/Src/stm32f1xx_it.o
                0x0000000008001328                MemManage_Handler
 .text.BusFault_Handler
                0x000000000800132e        0x6 ./Core/Src/stm32f1xx_it.o
                0x000000000800132e                BusFault_Handler
 .text.UsageFault_Handler
                0x0000000008001334        0x6 ./Core/Src/stm32f1xx_it.o
                0x0000000008001334                UsageFault_Handler
 .text.SVC_Handler
                0x000000000800133a        0xc ./Core/Src/stm32f1xx_it.o
                0x000000000800133a                SVC_Handler
 .text.DebugMon_Handler
                0x0000000008001346        0xc ./Core/Src/stm32f1xx_it.o
                0x0000000008001346                DebugMon_Handler
 .text.PendSV_Handler
                0x0000000008001352        0xc ./Core/Src/stm32f1xx_it.o
                0x0000000008001352                PendSV_Handler
 .text.SysTick_Handler
                0x000000000800135e        0xc ./Core/Src/stm32f1xx_it.o
                0x000000000800135e                SysTick_Handler
 *fill*         0x000000000800136a        0x2 
 .text.TIM2_IRQHandler
                0x000000000800136c       0x14 ./Core/Src/stm32f1xx_it.o
                0x000000000800136c                TIM2_IRQHandler
 .text.SystemInit
                0x0000000008001380        0xc ./Core/Src/system_stm32f1xx.o
                0x0000000008001380                SystemInit
 .text.Reset_Handler
                0x000000000800138c       0x48 ./Core/Startup/startup_stm32f103c6ux.o
                0x000000000800138c                Reset_Handler
 .text.Default_Handler
                0x00000000080013d4        0x2 ./Core/Startup/startup_stm32f103c6ux.o
                0x00000000080013d4                RTC_Alarm_IRQHandler
                0x00000000080013d4                EXTI2_IRQHandler
                0x00000000080013d4                TIM1_CC_IRQHandler
                0x00000000080013d4                PVD_IRQHandler
                0x00000000080013d4                EXTI3_IRQHandler
                0x00000000080013d4                EXTI0_IRQHandler
                0x00000000080013d4                ADC1_2_IRQHandler
                0x00000000080013d4                SPI1_IRQHandler
                0x00000000080013d4                TAMPER_IRQHandler
                0x00000000080013d4                DMA1_Channel4_IRQHandler
                0x00000000080013d4                RTC_IRQHandler
                0x00000000080013d4                DMA1_Channel7_IRQHandler
                0x00000000080013d4                CAN1_RX1_IRQHandler
                0x00000000080013d4                I2C1_EV_IRQHandler
                0x00000000080013d4                DMA1_Channel6_IRQHandler
                0x00000000080013d4                TIM3_IRQHandler
                0x00000000080013d4                RCC_IRQHandler
                0x00000000080013d4                TIM1_TRG_COM_IRQHandler
                0x00000000080013d4                DMA1_Channel1_IRQHandler
                0x00000000080013d4                Default_Handler
                0x00000000080013d4                EXTI15_10_IRQHandler
                0x00000000080013d4                EXTI9_5_IRQHandler
                0x00000000080013d4                DMA1_Channel5_IRQHandler
                0x00000000080013d4                EXTI4_IRQHandler
                0x00000000080013d4                USB_LP_CAN1_RX0_IRQHandler
                0x00000000080013d4                USB_HP_CAN1_TX_IRQHandler
                0x00000000080013d4                DMA1_Channel3_IRQHandler
                0x00000000080013d4                TIM1_UP_IRQHandler
                0x00000000080013d4                WWDG_IRQHandler
                0x00000000080013d4                TIM1_BRK_IRQHandler
                0x00000000080013d4                EXTI1_IRQHandler
                0x00000000080013d4                USART2_IRQHandler
                0x00000000080013d4                DMA1_Channel2_IRQHandler
                0x00000000080013d4                CAN1_SCE_IRQHandler
                0x00000000080013d4                FLASH_IRQHandler
                0x00000000080013d4                USART1_IRQHandler
                0x00000000080013d4                I2C1_ER_IRQHandler
                0x00000000080013d4                USBWakeUp_IRQHandler
 *fill*         0x00000000080013d6        0x2 
 .text.HAL_Init
                0x00000000080013d8       0x2c ./Drivers/STM32F1xx_HAL_Driver/Src/stm32f1xx_hal.o
                0x00000000080013d8                HAL_Init
 .text.HAL_InitTick
                0x0000000008001404       0x60 ./Drivers/STM32F1xx_HAL_Driver/Src/stm32f1xx_hal.o
                0x0000000008001404                HAL_InitTick
 .text.HAL_IncTick
                0x0000000008001464       0x24 ./Drivers/STM32F1xx_HAL_Driver/Src/stm32f1xx_hal.o
                0x0000000008001464                HAL_IncTick
 .text.HAL_GetTick
                0x0000000008001488       0x14 ./Drivers/STM32F1xx_HAL_Driver/Src/stm32f1xx_hal.o
                0x0000000008001488                HAL_GetTick
 .text.__NVIC_SetPriorityGrouping
                0x000000000800149c       0x48 ./Drivers/STM32F1xx_HAL_Driver/Src/stm32f1xx_hal_cortex.o
 .text.__NVIC_GetPriorityGrouping
                0x00000000080014e4       0x1c ./Drivers/STM32F1xx_HAL_Driver/Src/stm32f1xx_hal_cortex.o
 .text.__NVIC_EnableIRQ
                0x0000000008001500       0x38 ./Drivers/STM32F1xx_HAL_Driver/Src/stm32f1xx_hal_cortex.o
 .text.__NVIC_SetPriority
                0x0000000008001538       0x54 ./Drivers/STM32F1xx_HAL_Driver/Src/stm32f1xx_hal_cortex.o
 .text.NVIC_EncodePriority
                0x000000000800158c       0x64 ./Drivers/STM32F1xx_HAL_Driver/Src/stm32f1xx_hal_cortex.o
 .text.SysTick_Config
                0x00000000080015f0       0x44 ./Drivers/STM32F1xx_HAL_Driver/Src/stm32f1xx_hal_cortex.o
 .text.HAL_NVIC_SetPriorityGrouping
                0x0000000008001634       0x16 ./Drivers/STM32F1xx_HAL_Driver/Src/stm32f1xx_hal_cortex.o
                0x0000000008001634                HAL_NVIC_SetPriorityGrouping
 .text.HAL_NVIC_SetPriority
                0x000000000800164a       0x38 ./Drivers/STM32F1xx_HAL_Driver/Src/stm32f1xx_hal_cortex.o
                0x000000000800164a                HAL_NVIC_SetPriority
 .text.HAL_NVIC_EnableIRQ
                0x0000000008001682       0x1c ./Drivers/STM32F1xx_HAL_Driver/Src/stm32f1xx_hal_cortex.o
                0x0000000008001682                HAL_NVIC_EnableIRQ
 .text.HAL_SYSTICK_Config
                0x000000000800169e       0x18 ./Drivers/STM32F1xx_HAL_Driver/Src/stm32f1xx_hal_cortex.o
                0x000000000800169e                HAL_SYSTICK_Config
 *fill*         0x00000000080016b6        0x2 
 .text.HAL_GPIO_Init
                0x00000000080016b8      0x2f4 ./Drivers/STM32F1xx_HAL_Driver/Src/stm32f1xx_hal_gpio.o
                0x00000000080016b8                HAL_GPIO_Init
 .text.HAL_GPIO_ReadPin
                0x00000000080019ac       0x2e ./Drivers/STM32F1xx_HAL_Driver/Src/stm32f1xx_hal_gpio.o
                0x00000000080019ac                HAL_GPIO_ReadPin
 .text.HAL_GPIO_WritePin
                0x00000000080019da       0x30 ./Drivers/STM32F1xx_HAL_Driver/Src/stm32f1xx_hal_gpio.o
                0x00000000080019da                HAL_GPIO_WritePin
 .text.HAL_GPIO_TogglePin
                0x0000000008001a0a       0x32 ./Drivers/STM32F1xx_HAL_Driver/Src/stm32f1xx_hal_gpio.o
                0x0000000008001a0a                HAL_GPIO_TogglePin
 .text.HAL_RCC_OscConfig
                0x0000000008001a3c      0x500 ./Drivers/STM32F1xx_HAL_Driver/Src/stm32f1xx_hal_rcc.o
                0x0000000008001a3c                HAL_RCC_OscConfig
 .text.HAL_RCC_ClockConfig
                0x0000000008001f3c      0x1d4 ./Drivers/STM32F1xx_HAL_Driver/Src/stm32f1xx_hal_rcc.o
                0x0000000008001f3c                HAL_RCC_ClockConfig
 .text.HAL_RCC_GetSysClockFreq
                0x0000000008002110       0xa8 ./Drivers/STM32F1xx_HAL_Driver/Src/stm32f1xx_hal_rcc.o
                0x0000000008002110                HAL_RCC_GetSysClockFreq
 .text.RCC_Delay
                0x00000000080021b8       0x3c ./Drivers/STM32F1xx_HAL_Driver/Src/stm32f1xx_hal_rcc.o
 .text.HAL_TIM_Base_Init
                0x00000000080021f4       0x9e ./Drivers/STM32F1xx_HAL_Driver/Src/stm32f1xx_hal_tim.o
                0x00000000080021f4                HAL_TIM_Base_Init
 *fill*         0x0000000008002292        0x2 
 .text.HAL_TIM_Base_Start_IT
                0x0000000008002294       0x98 ./Drivers/STM32F1xx_HAL_Driver/Src/stm32f1xx_hal_tim.o
                0x0000000008002294                HAL_TIM_Base_Start_IT
 .text.HAL_TIM_IRQHandler
                0x000000000800232c      0x210 ./Drivers/STM32F1xx_HAL_Driver/Src/stm32f1xx_hal_tim.o
                0x000000000800232c                HAL_TIM_IRQHandler
 .text.HAL_TIM_ConfigClockSource
                0x000000000800253c      0x18e ./Drivers/STM32F1xx_HAL_Driver/Src/stm32f1xx_hal_tim.o
                0x000000000800253c                HAL_TIM_ConfigClockSource
 .text.HAL_TIM_OC_DelayElapsedCallback
                0x00000000080026ca       0x12 ./Drivers/STM32F1xx_HAL_Driver/Src/stm32f1xx_hal_tim.o
                0x00000000080026ca                HAL_TIM_OC_DelayElapsedCallback
 .text.HAL_TIM_IC_CaptureCallback
                0x00000000080026dc       0x12 ./Drivers/STM32F1xx_HAL_Driver/Src/stm32f1xx_hal_tim.o
                0x00000000080026dc                HAL_TIM_IC_CaptureCallback
 .text.HAL_TIM_PWM_PulseFinishedCallback
                0x00000000080026ee       0x12 ./Drivers/STM32F1xx_HAL_Driver/Src/stm32f1xx_hal_tim.o
                0x00000000080026ee                HAL_TIM_PWM_PulseFinishedCallback
 .text.HAL_TIM_TriggerCallback
                0x0000000008002700       0x12 ./Drivers/STM32F1xx_HAL_Driver/Src/stm32f1xx_hal_tim.o
                0x0000000008002700                HAL_TIM_TriggerCallback
 *fill*         0x0000000008002712        0x2 
 .text.TIM_Base_SetConfig
                0x0000000008002714       0xb0 ./Drivers/STM32F1xx_HAL_Driver/Src/stm32f1xx_hal_tim.o
                0x0000000008002714                TIM_Base_SetConfig
 .text.TIM_TI1_ConfigInputStage
                0x00000000080027c4       0x5c ./Drivers/STM32F1xx_HAL_Driver/Src/stm32f1xx_hal_tim.o
 .text.TIM_TI2_ConfigInputStage
                0x0000000008002820       0x5e ./Drivers/STM32F1xx_HAL_Driver/Src/stm32f1xx_hal_tim.o
 .text.TIM_ITRx_SetConfig
                0x000000000800287e       0x34 ./Drivers/STM32F1xx_HAL_Driver/Src/stm32f1xx_hal_tim.o
 .text.TIM_ETR_SetConfig
                0x00000000080028b2       0x3e ./Drivers/STM32F1xx_HAL_Driver/Src/stm32f1xx_hal_tim.o
                0x00000000080028b2                TIM_ETR_SetConfig
 .text.HAL_TIMEx_MasterConfigSynchronization
                0x00000000080028f0       0xb0 ./Drivers/STM32F1xx_HAL_Driver/Src/stm32f1xx_hal_tim_ex.o
                0x00000000080028f0                HAL_TIMEx_MasterConfigSynchronization
 .text.HAL_TIMEx_CommutCallback
                0x00000000080029a0       0x12 ./Drivers/STM32F1xx_HAL_Driver/Src/stm32f1xx_hal_tim_ex.o
                0x00000000080029a0                HAL_TIMEx_CommutCallback
 .text.HAL_TIMEx_BreakCallback
                0x00000000080029b2       0x12 ./Drivers/STM32F1xx_HAL_Driver/Src/stm32f1xx_hal_tim_ex.o
                0x00000000080029b2                HAL_TIMEx_BreakCallback
 .text.__libc_init_array
                0x00000000080029c4       0x48 c:/st/stm32cubeide_1.7.0/stm32cubeide/plugins/com.st.stm32cube.ide.mcu.externaltools.gnu-tools-for-stm32.9-2020-q2-update.win32_2.0.0.202105311346/tools/bin/../lib/gcc/arm-none-eabi/9.3.1/../../../../arm-none-eabi/lib/thumb/v7-m/nofp\libc_nano.a(lib_a-init.o)
                0x00000000080029c4                __libc_init_array
 .text.memset   0x0000000008002a0c       0x10 c:/st/stm32cubeide_1.7.0/stm32cubeide/plugins/com.st.stm32cube.ide.mcu.externaltools.gnu-tools-for-stm32.9-2020-q2-update.win32_2.0.0.202105311346/tools/bin/../lib/gcc/arm-none-eabi/9.3.1/../../../../arm-none-eabi/lib/thumb/v7-m/nofp\libc_nano.a(lib_a-memset.o)
                0x0000000008002a0c                memset
 *(.glue_7)
 .glue_7        0x0000000008002a1c        0x0 linker stubs
 *(.glue_7t)
 .glue_7t       0x0000000008002a1c        0x0 linker stubs
 *(.eh_frame)
 .eh_frame      0x0000000008002a1c        0x0 c:/st/stm32cubeide_1.7.0/stm32cubeide/plugins/com.st.stm32cube.ide.mcu.externaltools.gnu-tools-for-stm32.9-2020-q2-update.win32_2.0.0.202105311346/tools/bin/../lib/gcc/arm-none-eabi/9.3.1/thumb/v7-m/nofp/crtbegin.o
 *(.init)
 .init          0x0000000008002a1c        0x4 c:/st/stm32cubeide_1.7.0/stm32cubeide/plugins/com.st.stm32cube.ide.mcu.externaltools.gnu-tools-for-stm32.9-2020-q2-update.win32_2.0.0.202105311346/tools/bin/../lib/gcc/arm-none-eabi/9.3.1/thumb/v7-m/nofp/crti.o
                0x0000000008002a1c                _init
 .init          0x0000000008002a20        0x8 c:/st/stm32cubeide_1.7.0/stm32cubeide/plugins/com.st.stm32cube.ide.mcu.externaltools.gnu-tools-for-stm32.9-2020-q2-update.win32_2.0.0.202105311346/tools/bin/../lib/gcc/arm-none-eabi/9.3.1/thumb/v7-m/nofp/crtn.o
 *(.fini)
 .fini          0x0000000008002a28        0x4 c:/st/stm32cubeide_1.7.0/stm32cubeide/plugins/com.st.stm32cube.ide.mcu.externaltools.gnu-tools-for-stm32.9-2020-q2-update.win32_2.0.0.202105311346/tools/bin/../lib/gcc/arm-none-eabi/9.3.1/thumb/v7-m/nofp/crti.o
                0x0000000008002a28                _fini
 .fini          0x0000000008002a2c        0x8 c:/st/stm32cubeide_1.7.0/stm32cubeide/plugins/com.st.stm32cube.ide.mcu.externaltools.gnu-tools-for-stm32.9-2020-q2-update.win32_2.0.0.202105311346/tools/bin/../lib/gcc/arm-none-eabi/9.3.1/thumb/v7-m/nofp/crtn.o
                0x0000000008002a34                . = ALIGN (0x4)
                0x0000000008002a34                _etext = .

.vfp11_veneer   0x0000000008002a34        0x0
 .vfp11_veneer  0x0000000008002a34        0x0 linker stubs

.v4_bx          0x0000000008002a34        0x0
 .v4_bx         0x0000000008002a34        0x0 linker stubs

.iplt           0x0000000008002a34        0x0
 .iplt          0x0000000008002a34        0x0 c:/st/stm32cubeide_1.7.0/stm32cubeide/plugins/com.st.stm32cube.ide.mcu.externaltools.gnu-tools-for-stm32.9-2020-q2-update.win32_2.0.0.202105311346/tools/bin/../lib/gcc/arm-none-eabi/9.3.1/thumb/v7-m/nofp/crtbegin.o

.rodata         0x0000000008002a34       0x24
                0x0000000008002a34                . = ALIGN (0x4)
 *(.rodata)
 *(.rodata*)
 .rodata.AHBPrescTable
                0x0000000008002a34       0x10 ./Core/Src/system_stm32f1xx.o
                0x0000000008002a34                AHBPrescTable
 .rodata.aPLLMULFactorTable.6032
                0x0000000008002a44       0x10 ./Drivers/STM32F1xx_HAL_Driver/Src/stm32f1xx_hal_rcc.o
 .rodata.aPredivFactorTable.6033
                0x0000000008002a54        0x2 ./Drivers/STM32F1xx_HAL_Driver/Src/stm32f1xx_hal_rcc.o
                0x0000000008002a58                . = ALIGN (0x4)
 *fill*         0x0000000008002a56        0x2 

.rel.dyn        0x0000000008002a58        0x0
 .rel.iplt      0x0000000008002a58        0x0 c:/st/stm32cubeide_1.7.0/stm32cubeide/plugins/com.st.stm32cube.ide.mcu.externaltools.gnu-tools-for-stm32.9-2020-q2-update.win32_2.0.0.202105311346/tools/bin/../lib/gcc/arm-none-eabi/9.3.1/thumb/v7-m/nofp/crtbegin.o

.ARM.extab      0x0000000008002a58        0x0
                0x0000000008002a58                . = ALIGN (0x4)
 *(.ARM.extab* .gnu.linkonce.armextab.*)
                0x0000000008002a58                . = ALIGN (0x4)

.ARM            0x0000000008002a58        0x0
                0x0000000008002a58                . = ALIGN (0x4)
                0x0000000008002a58                __exidx_start = .
 *(.ARM.exidx*)
                0x0000000008002a58                __exidx_end = .
                0x0000000008002a58                . = ALIGN (0x4)

.preinit_array  0x0000000008002a58        0x0
                0x0000000008002a58                . = ALIGN (0x4)
                0x0000000008002a58                PROVIDE (__preinit_array_start = .)
 *(.preinit_array*)
                0x0000000008002a58                PROVIDE (__preinit_array_end = .)
                0x0000000008002a58                . = ALIGN (0x4)

.init_array     0x0000000008002a58        0x4
                0x0000000008002a58                . = ALIGN (0x4)
                0x0000000008002a58                PROVIDE (__init_array_start = .)
 *(SORT_BY_NAME(.init_array.*))
 *(.init_array*)
 .init_array    0x0000000008002a58        0x4 c:/st/stm32cubeide_1.7.0/stm32cubeide/plugins/com.st.stm32cube.ide.mcu.externaltools.gnu-tools-for-stm32.9-2020-q2-update.win32_2.0.0.202105311346/tools/bin/../lib/gcc/arm-none-eabi/9.3.1/thumb/v7-m/nofp/crtbegin.o
                0x0000000008002a5c                PROVIDE (__init_array_end = .)
                0x0000000008002a5c                . = ALIGN (0x4)

.fini_array     0x0000000008002a5c        0x4
                0x0000000008002a5c                . = ALIGN (0x4)
                [!provide]                        PROVIDE (__fini_array_start = .)
 *(SORT_BY_NAME(.fini_array.*))
 *(.fini_array*)
 .fini_array    0x0000000008002a5c        0x4 c:/st/stm32cubeide_1.7.0/stm32cubeide/plugins/com.st.stm32cube.ide.mcu.externaltools.gnu-tools-for-stm32.9-2020-q2-update.win32_2.0.0.202105311346/tools/bin/../lib/gcc/arm-none-eabi/9.3.1/thumb/v7-m/nofp/crtbegin.o
                [!provide]                        PROVIDE (__fini_array_end = .)
                0x0000000008002a60                . = ALIGN (0x4)
                0x0000000008002a60                _sidata = LOADADDR (.data)

.data           0x0000000020000000       0x40 load address 0x0000000008002a60
                0x0000000020000000                . = ALIGN (0x4)
                0x0000000020000000                _sdata = .
 *(.data)
 *(.data*)
 .data.gpio_pin
                0x0000000020000000        0x6 ./Core/Src/button2.o
                0x0000000020000000                gpio_pin
 *fill*         0x0000000020000006        0x2 
 .data.gpio_port
                0x0000000020000008        0xc ./Core/Src/button2.o
                0x0000000020000008                gpio_port
 .data.counter_RED
                0x0000000020000014        0x4 ./Core/Src/global.o
                0x0000000020000014                counter_RED
 .data.counter_AMBER
                0x0000000020000018        0x4 ./Core/Src/global.o
                0x0000000020000018                counter_AMBER
 .data.counter_GREEN
                0x000000002000001c        0x4 ./Core/Src/global.o
                0x000000002000001c                counter_GREEN
 .data.counter  0x0000000020000020       0x10 ./Core/Src/global.o
                0x0000000020000020                counter
 .data.index    0x0000000020000030        0x4 ./Core/Src/global.o
                0x0000000020000030                index
 .data.SystemCoreClock
                0x0000000020000034        0x4 ./Core/Src/system_stm32f1xx.o
                0x0000000020000034                SystemCoreClock
 .data.uwTickPrio
                0x0000000020000038        0x4 ./Drivers/STM32F1xx_HAL_Driver/Src/stm32f1xx_hal.o
                0x0000000020000038                uwTickPrio
 .data.uwTickFreq
                0x000000002000003c        0x1 ./Drivers/STM32F1xx_HAL_Driver/Src/stm32f1xx_hal.o
                0x000000002000003c                uwTickFreq
 *(.RamFunc)
 *(.RamFunc*)
                0x0000000020000040                . = ALIGN (0x4)
 *fill*         0x000000002000003d        0x3 
                0x0000000020000040                _edata = .

.igot.plt       0x0000000020000040        0x0 load address 0x0000000008002aa0
 .igot.plt      0x0000000020000040        0x0 c:/st/stm32cubeide_1.7.0/stm32cubeide/plugins/com.st.stm32cube.ide.mcu.externaltools.gnu-tools-for-stm32.9-2020-q2-update.win32_2.0.0.202105311346/tools/bin/../lib/gcc/arm-none-eabi/9.3.1/thumb/v7-m/nofp/crtbegin.o
                0x0000000020000040                . = ALIGN (0x4)

.bss            0x0000000020000040       0xe0 load address 0x0000000008002aa0
                0x0000000020000040                _sbss = .
                0x0000000020000040                __bss_start__ = _sbss
 *(.bss)
 .bss           0x0000000020000040       0x1c c:/st/stm32cubeide_1.7.0/stm32cubeide/plugins/com.st.stm32cube.ide.mcu.externaltools.gnu-tools-for-stm32.9-2020-q2-update.win32_2.0.0.202105311346/tools/bin/../lib/gcc/arm-none-eabi/9.3.1/thumb/v7-m/nofp/crtbegin.o
 *(.bss*)
 .bss.status    0x000000002000005c        0x8 ./Core/Src/global.o
                0x000000002000005c                status
 .bss.mode      0x0000000020000064        0x4 ./Core/Src/global.o
                0x0000000020000064                mode
 .bss.NUM       0x0000000020000068        0x4 ./Core/Src/global.o
                0x0000000020000068                NUM
 .bss.timer1_flag
                0x000000002000006c        0x8 ./Core/Src/software_timer.o
                0x000000002000006c                timer1_flag
 .bss.timer2_counter
                0x0000000020000074        0x4 ./Core/Src/software_timer.o
                0x0000000020000074                timer2_counter
 .bss.timer2_flag
                0x0000000020000078        0x4 ./Core/Src/software_timer.o
                0x0000000020000078                timer2_flag
 .bss.timer3_counter
                0x000000002000007c        0x4 ./Core/Src/software_timer.o
                0x000000002000007c                timer3_counter
 .bss.timer3_flag
                0x0000000020000080        0x4 ./Core/Src/software_timer.o
                0x0000000020000080                timer3_flag
 *(COMMON)
 COMMON         0x0000000020000084       0x48 ./Core/Src/button2.o
                0x0000000020000084                KeyReg3
                0x0000000020000090                KeyReg0
                0x000000002000009c                flag
                0x00000000200000a8                KeyReg1
                0x00000000200000b4                TimeOutForKeyPress
                0x00000000200000c0                KeyReg2
 COMMON         0x00000000200000cc       0x48 ./Core/Src/main.o
                0x00000000200000cc                htim2
 COMMON         0x0000000020000114        0x8 ./Core/Src/software_timer.o
                0x0000000020000114                timer1_counter
 COMMON         0x000000002000011c        0x4 ./Drivers/STM32F1xx_HAL_Driver/Src/stm32f1xx_hal.o
                0x000000002000011c                uwTick
                0x0000000020000120                . = ALIGN (0x4)
                0x0000000020000120                _ebss = .
                0x0000000020000120                __bss_end__ = _ebss

._user_heap_stack
                0x0000000020000120      0x600 load address 0x0000000008002aa0
                0x0000000020000120                . = ALIGN (0x8)
                [!provide]                        PROVIDE (end = .)
                0x0000000020000120                PROVIDE (_end = .)
                0x0000000020000320                . = (. + _Min_Heap_Size)
 *fill*         0x0000000020000120      0x200 
                0x0000000020000720                . = (. + _Min_Stack_Size)
 *fill*         0x0000000020000320      0x400 
                0x0000000020000720                . = ALIGN (0x8)

/DISCARD/
 libc.a(*)
 libm.a(*)
 libgcc.a(*)

.ARM.attributes
                0x0000000000000000       0x29
 *(.ARM.attributes)
 .ARM.attributes
                0x0000000000000000       0x1d c:/st/stm32cubeide_1.7.0/stm32cubeide/plugins/com.st.stm32cube.ide.mcu.externaltools.gnu-tools-for-stm32.9-2020-q2-update.win32_2.0.0.202105311346/tools/bin/../lib/gcc/arm-none-eabi/9.3.1/thumb/v7-m/nofp/crti.o
 .ARM.attributes
                0x000000000000001d       0x2d c:/st/stm32cubeide_1.7.0/stm32cubeide/plugins/com.st.stm32cube.ide.mcu.externaltools.gnu-tools-for-stm32.9-2020-q2-update.win32_2.0.0.202105311346/tools/bin/../lib/gcc/arm-none-eabi/9.3.1/thumb/v7-m/nofp/crtbegin.o
 .ARM.attributes
                0x000000000000004a       0x2d ./Core/Src/button2.o
 .ARM.attributes
                0x0000000000000077       0x2d ./Core/Src/display7SEG.o
 .ARM.attributes
                0x00000000000000a4       0x2d ./Core/Src/fns_automata.o
 .ARM.attributes
                0x00000000000000d1       0x2d ./Core/Src/fns_mode.o
 .ARM.attributes
                0x00000000000000fe       0x2d ./Core/Src/func_setting_mode.o
 .ARM.attributes
                0x000000000000012b       0x33 ./Core/Src/global.o
 .ARM.attributes
                0x000000000000015e       0x2d ./Core/Src/led_traffic.o
 .ARM.attributes
                0x000000000000018b       0x2d ./Core/Src/main.o
 .ARM.attributes
                0x00000000000001b8       0x2d ./Core/Src/software_timer.o
 .ARM.attributes
                0x00000000000001e5       0x2d ./Core/Src/stm32f1xx_hal_msp.o
 .ARM.attributes
                0x0000000000000212       0x2d ./Core/Src/stm32f1xx_it.o
 .ARM.attributes
                0x000000000000023f       0x2d ./Core/Src/system_stm32f1xx.o
 .ARM.attributes
                0x000000000000026c       0x21 ./Core/Startup/startup_stm32f103c6ux.o
 .ARM.attributes
                0x000000000000028d       0x2d ./Drivers/STM32F1xx_HAL_Driver/Src/stm32f1xx_hal.o
 .ARM.attributes
                0x00000000000002ba       0x2d ./Drivers/STM32F1xx_HAL_Driver/Src/stm32f1xx_hal_cortex.o
 .ARM.attributes
                0x00000000000002e7       0x2d ./Drivers/STM32F1xx_HAL_Driver/Src/stm32f1xx_hal_gpio.o
 .ARM.attributes
                0x0000000000000314       0x2d ./Drivers/STM32F1xx_HAL_Driver/Src/stm32f1xx_hal_rcc.o
 .ARM.attributes
                0x0000000000000341       0x2d ./Drivers/STM32F1xx_HAL_Driver/Src/stm32f1xx_hal_tim.o
 .ARM.attributes
                0x000000000000036e       0x2d ./Drivers/STM32F1xx_HAL_Driver/Src/stm32f1xx_hal_tim_ex.o
 .ARM.attributes
                0x000000000000039b       0x2d c:/st/stm32cubeide_1.7.0/stm32cubeide/plugins/com.st.stm32cube.ide.mcu.externaltools.gnu-tools-for-stm32.9-2020-q2-update.win32_2.0.0.202105311346/tools/bin/../lib/gcc/arm-none-eabi/9.3.1/../../../../arm-none-eabi/lib/thumb/v7-m/nofp\libc_nano.a(lib_a-init.o)
 .ARM.attributes
                0x00000000000003c8       0x2d c:/st/stm32cubeide_1.7.0/stm32cubeide/plugins/com.st.stm32cube.ide.mcu.externaltools.gnu-tools-for-stm32.9-2020-q2-update.win32_2.0.0.202105311346/tools/bin/../lib/gcc/arm-none-eabi/9.3.1/../../../../arm-none-eabi/lib/thumb/v7-m/nofp\libc_nano.a(lib_a-memset.o)
 .ARM.attributes
                0x00000000000003f5       0x1d c:/st/stm32cubeide_1.7.0/stm32cubeide/plugins/com.st.stm32cube.ide.mcu.externaltools.gnu-tools-for-stm32.9-2020-q2-update.win32_2.0.0.202105311346/tools/bin/../lib/gcc/arm-none-eabi/9.3.1/thumb/v7-m/nofp/crtn.o
OUTPUT(LAB3.elf elf32-littlearm)
LOAD linker stubs
LOAD c:/st/stm32cubeide_1.7.0/stm32cubeide/plugins/com.st.stm32cube.ide.mcu.externaltools.gnu-tools-for-stm32.9-2020-q2-update.win32_2.0.0.202105311346/tools/bin/../lib/gcc/arm-none-eabi/9.3.1/../../../../arm-none-eabi/lib/thumb/v7-m/nofp\libc.a
LOAD c:/st/stm32cubeide_1.7.0/stm32cubeide/plugins/com.st.stm32cube.ide.mcu.externaltools.gnu-tools-for-stm32.9-2020-q2-update.win32_2.0.0.202105311346/tools/bin/../lib/gcc/arm-none-eabi/9.3.1/../../../../arm-none-eabi/lib/thumb/v7-m/nofp\libm.a
LOAD c:/st/stm32cubeide_1.7.0/stm32cubeide/plugins/com.st.stm32cube.ide.mcu.externaltools.gnu-tools-for-stm32.9-2020-q2-update.win32_2.0.0.202105311346/tools/bin/../lib/gcc/arm-none-eabi/9.3.1/thumb/v7-m/nofp\libgcc.a

.debug_info     0x0000000000000000     0x9f7b
 .debug_info    0x0000000000000000      0x43f ./Core/Src/button2.o
 .debug_info    0x000000000000043f      0x42d ./Core/Src/display7SEG.o
 .debug_info    0x000000000000086c      0x282 ./Core/Src/fns_automata.o
 .debug_info    0x0000000000000aee      0x34e ./Core/Src/fns_mode.o
 .debug_info    0x0000000000000e3c      0x2ec ./Core/Src/func_setting_mode.o
 .debug_info    0x0000000000001128      0x28c ./Core/Src/global.o
 .debug_info    0x00000000000013b4      0x515 ./Core/Src/led_traffic.o
 .debug_info    0x00000000000018c9      0xc54 ./Core/Src/main.o
 .debug_info    0x000000000000251d      0x18d ./Core/Src/software_timer.o
 .debug_info    0x00000000000026aa      0xa09 ./Core/Src/stm32f1xx_hal_msp.o
 .debug_info    0x00000000000030b3      0x7b9 ./Core/Src/stm32f1xx_it.o
 .debug_info    0x000000000000386c      0x2be ./Core/Src/system_stm32f1xx.o
 .debug_info    0x0000000000003b2a       0x22 ./Core/Startup/startup_stm32f103c6ux.o
 .debug_info    0x0000000000003b4c      0x74c ./Drivers/STM32F1xx_HAL_Driver/Src/stm32f1xx_hal.o
 .debug_info    0x0000000000004298      0xbbe ./Drivers/STM32F1xx_HAL_Driver/Src/stm32f1xx_hal_cortex.o
 .debug_info    0x0000000000004e56      0x701 ./Drivers/STM32F1xx_HAL_Driver/Src/stm32f1xx_hal_gpio.o
 .debug_info    0x0000000000005557      0x893 ./Drivers/STM32F1xx_HAL_Driver/Src/stm32f1xx_hal_rcc.o
 .debug_info    0x0000000000005dea     0x2c12 ./Drivers/STM32F1xx_HAL_Driver/Src/stm32f1xx_hal_tim.o
 .debug_info    0x00000000000089fc     0x157f ./Drivers/STM32F1xx_HAL_Driver/Src/stm32f1xx_hal_tim_ex.o

.debug_abbrev   0x0000000000000000     0x1e85
 .debug_abbrev  0x0000000000000000      0x1a4 ./Core/Src/button2.o
 .debug_abbrev  0x00000000000001a4      0x148 ./Core/Src/display7SEG.o
 .debug_abbrev  0x00000000000002ec      0x106 ./Core/Src/fns_automata.o
 .debug_abbrev  0x00000000000003f2      0x153 ./Core/Src/fns_mode.o
 .debug_abbrev  0x0000000000000545      0x109 ./Core/Src/func_setting_mode.o
 .debug_abbrev  0x000000000000064e       0xbc ./Core/Src/global.o
 .debug_abbrev  0x000000000000070a      0x173 ./Core/Src/led_traffic.o
 .debug_abbrev  0x000000000000087d      0x259 ./Core/Src/main.o
 .debug_abbrev  0x0000000000000ad6      0x103 ./Core/Src/software_timer.o
 .debug_abbrev  0x0000000000000bd9      0x1b7 ./Core/Src/stm32f1xx_hal_msp.o
 .debug_abbrev  0x0000000000000d90      0x176 ./Core/Src/stm32f1xx_it.o
 .debug_abbrev  0x0000000000000f06      0x14e ./Core/Src/system_stm32f1xx.o
 .debug_abbrev  0x0000000000001054       0x12 ./Core/Startup/startup_stm32f103c6ux.o
 .debug_abbrev  0x0000000000001066      0x1ed ./Drivers/STM32F1xx_HAL_Driver/Src/stm32f1xx_hal.o
 .debug_abbrev  0x0000000000001253      0x313 ./Drivers/STM32F1xx_HAL_Driver/Src/stm32f1xx_hal_cortex.o
 .debug_abbrev  0x0000000000001566      0x1e8 ./Drivers/STM32F1xx_HAL_Driver/Src/stm32f1xx_hal_gpio.o
 .debug_abbrev  0x000000000000174e      0x273 ./Drivers/STM32F1xx_HAL_Driver/Src/stm32f1xx_hal_rcc.o
 .debug_abbrev  0x00000000000019c1      0x25e ./Drivers/STM32F1xx_HAL_Driver/Src/stm32f1xx_hal_tim.o
 .debug_abbrev  0x0000000000001c1f      0x266 ./Drivers/STM32F1xx_HAL_Driver/Src/stm32f1xx_hal_tim_ex.o

.debug_aranges  0x0000000000000000      0xab8
 .debug_aranges
                0x0000000000000000       0x38 ./Core/Src/button2.o
 .debug_aranges
                0x0000000000000038       0x38 ./Core/Src/display7SEG.o
 .debug_aranges
                0x0000000000000070       0x20 ./Core/Src/fns_automata.o
 .debug_aranges
                0x0000000000000090       0x20 ./Core/Src/fns_mode.o
 .debug_aranges
                0x00000000000000b0       0x30 ./Core/Src/func_setting_mode.o
 .debug_aranges
                0x00000000000000e0       0x18 ./Core/Src/global.o
 .debug_aranges
                0x00000000000000f8       0x58 ./Core/Src/led_traffic.o
 .debug_aranges
                0x0000000000000150       0x48 ./Core/Src/main.o
 .debug_aranges
                0x0000000000000198       0x38 ./Core/Src/software_timer.o
 .debug_aranges
                0x00000000000001d0       0x30 ./Core/Src/stm32f1xx_hal_msp.o
 .debug_aranges
                0x0000000000000200       0x68 ./Core/Src/stm32f1xx_it.o
 .debug_aranges
                0x0000000000000268       0x28 ./Core/Src/system_stm32f1xx.o
 .debug_aranges
                0x0000000000000290       0x28 ./Core/Startup/startup_stm32f103c6ux.o
 .debug_aranges
                0x00000000000002b8       0xe0 ./Drivers/STM32F1xx_HAL_Driver/Src/stm32f1xx_hal.o
 .debug_aranges
                0x0000000000000398      0x100 ./Drivers/STM32F1xx_HAL_Driver/Src/stm32f1xx_hal_cortex.o
 .debug_aranges
                0x0000000000000498       0x58 ./Drivers/STM32F1xx_HAL_Driver/Src/stm32f1xx_hal_gpio.o
 .debug_aranges
                0x00000000000004f0       0x90 ./Drivers/STM32F1xx_HAL_Driver/Src/stm32f1xx_hal_rcc.o
 .debug_aranges
                0x0000000000000580      0x3d0 ./Drivers/STM32F1xx_HAL_Driver/Src/stm32f1xx_hal_tim.o
 .debug_aranges
                0x0000000000000950      0x168 ./Drivers/STM32F1xx_HAL_Driver/Src/stm32f1xx_hal_tim_ex.o

.debug_ranges   0x0000000000000000      0x988
 .debug_ranges  0x0000000000000000       0x28 ./Core/Src/button2.o
 .debug_ranges  0x0000000000000028       0x28 ./Core/Src/display7SEG.o
 .debug_ranges  0x0000000000000050       0x10 ./Core/Src/fns_automata.o
 .debug_ranges  0x0000000000000060       0x10 ./Core/Src/fns_mode.o
 .debug_ranges  0x0000000000000070       0x20 ./Core/Src/func_setting_mode.o
 .debug_ranges  0x0000000000000090       0x48 ./Core/Src/led_traffic.o
 .debug_ranges  0x00000000000000d8       0x38 ./Core/Src/main.o
 .debug_ranges  0x0000000000000110       0x28 ./Core/Src/software_timer.o
 .debug_ranges  0x0000000000000138       0x20 ./Core/Src/stm32f1xx_hal_msp.o
 .debug_ranges  0x0000000000000158       0x58 ./Core/Src/stm32f1xx_it.o
 .debug_ranges  0x00000000000001b0       0x18 ./Core/Src/system_stm32f1xx.o
 .debug_ranges  0x00000000000001c8       0x20 ./Core/Startup/startup_stm32f103c6ux.o
 .debug_ranges  0x00000000000001e8       0xd0 ./Drivers/STM32F1xx_HAL_Driver/Src/stm32f1xx_hal.o
 .debug_ranges  0x00000000000002b8       0xf0 ./Drivers/STM32F1xx_HAL_Driver/Src/stm32f1xx_hal_cortex.o
 .debug_ranges  0x00000000000003a8       0x48 ./Drivers/STM32F1xx_HAL_Driver/Src/stm32f1xx_hal_gpio.o
 .debug_ranges  0x00000000000003f0       0x80 ./Drivers/STM32F1xx_HAL_Driver/Src/stm32f1xx_hal_rcc.o
 .debug_ranges  0x0000000000000470      0x3c0 ./Drivers/STM32F1xx_HAL_Driver/Src/stm32f1xx_hal_tim.o
 .debug_ranges  0x0000000000000830      0x158 ./Drivers/STM32F1xx_HAL_Driver/Src/stm32f1xx_hal_tim_ex.o

.debug_macro    0x0000000000000000    0x16672
 .debug_macro   0x0000000000000000      0x1f0 ./Core/Src/button2.o
 .debug_macro   0x00000000000001f0      0x215 ./Core/Src/button2.o
 .debug_macro   0x0000000000000405       0x2e ./Core/Src/button2.o
 .debug_macro   0x0000000000000433       0x22 ./Core/Src/button2.o
 .debug_macro   0x0000000000000455       0x22 ./Core/Src/button2.o
 .debug_macro   0x0000000000000477       0x8e ./Core/Src/button2.o
 .debug_macro   0x0000000000000505       0x51 ./Core/Src/button2.o
 .debug_macro   0x0000000000000556      0x103 ./Core/Src/button2.o
 .debug_macro   0x0000000000000659       0x6a ./Core/Src/button2.o
 .debug_macro   0x00000000000006c3      0x1df ./Core/Src/button2.o
 .debug_macro   0x00000000000008a2       0x1c ./Core/Src/button2.o
 .debug_macro   0x00000000000008be       0x22 ./Core/Src/button2.o
 .debug_macro   0x00000000000008e0       0xc3 ./Core/Src/button2.o
 .debug_macro   0x00000000000009a3      0xd23 ./Core/Src/button2.o
 .debug_macro   0x00000000000016c6     0xde75 ./Core/Src/button2.o
 .debug_macro   0x000000000000f53b       0x6d ./Core/Src/button2.o
 .debug_macro   0x000000000000f5a8     0x348d ./Core/Src/button2.o
 .debug_macro   0x0000000000012a35      0x174 ./Core/Src/button2.o
 .debug_macro   0x0000000000012ba9       0x5c ./Core/Src/button2.o
 .debug_macro   0x0000000000012c05      0x5bc ./Core/Src/button2.o
 .debug_macro   0x00000000000131c1      0x1b7 ./Core/Src/button2.o
 .debug_macro   0x0000000000013378      0x1cb ./Core/Src/button2.o
 .debug_macro   0x0000000000013543      0x114 ./Core/Src/button2.o
 .debug_macro   0x0000000000013657      0x1b2 ./Core/Src/button2.o
 .debug_macro   0x0000000000013809       0x27 ./Core/Src/button2.o
 .debug_macro   0x0000000000013830      0x12f ./Core/Src/button2.o
 .debug_macro   0x000000000001395f      0x1bc ./Core/Src/button2.o
 .debug_macro   0x0000000000013b1b       0x34 ./Core/Src/button2.o
 .debug_macro   0x0000000000013b4f       0x3c ./Core/Src/button2.o
 .debug_macro   0x0000000000013b8b       0x57 ./Core/Src/button2.o
 .debug_macro   0x0000000000013be2       0x87 ./Core/Src/button2.o
 .debug_macro   0x0000000000013c69      0x183 ./Core/Src/button2.o
 .debug_macro   0x0000000000013dec      0x140 ./Core/Src/button2.o
 .debug_macro   0x0000000000013f2c      0x8ed ./Core/Src/button2.o
 .debug_macro   0x0000000000014819       0x69 ./Core/Src/button2.o
 .debug_macro   0x0000000000014882       0xf4 ./Core/Src/button2.o
 .debug_macro   0x0000000000014976       0x3a ./Core/Src/button2.o
 .debug_macro   0x00000000000149b0       0x10 ./Core/Src/button2.o
 .debug_macro   0x00000000000149c0      0x1ea ./Core/Src/display7SEG.o
 .debug_macro   0x0000000000014baa      0x1f0 ./Core/Src/fns_automata.o
 .debug_macro   0x0000000000014d9a      0x1f0 ./Core/Src/fns_mode.o
 .debug_macro   0x0000000000014f8a      0x1f0 ./Core/Src/func_setting_mode.o
 .debug_macro   0x000000000001517a      0x1e6 ./Core/Src/global.o
 .debug_macro   0x0000000000015360      0x1ea ./Core/Src/led_traffic.o
 .debug_macro   0x000000000001554a      0x1f4 ./Core/Src/main.o
 .debug_macro   0x000000000001573e       0x1b ./Core/Src/software_timer.o
 .debug_macro   0x0000000000015759      0x1a6 ./Core/Src/stm32f1xx_hal_msp.o
 .debug_macro   0x00000000000158ff      0x1b0 ./Core/Src/stm32f1xx_it.o
 .debug_macro   0x0000000000015aaf      0x197 ./Core/Src/system_stm32f1xx.o
 .debug_macro   0x0000000000015c46      0x1bb ./Drivers/STM32F1xx_HAL_Driver/Src/stm32f1xx_hal.o
 .debug_macro   0x0000000000015e01      0x197 ./Drivers/STM32F1xx_HAL_Driver/Src/stm32f1xx_hal_cortex.o
 .debug_macro   0x0000000000015f98      0x202 ./Drivers/STM32F1xx_HAL_Driver/Src/stm32f1xx_hal_gpio.o
 .debug_macro   0x000000000001619a      0x1a9 ./Drivers/STM32F1xx_HAL_Driver/Src/stm32f1xx_hal_rcc.o
 .debug_macro   0x0000000000016343      0x198 ./Drivers/STM32F1xx_HAL_Driver/Src/stm32f1xx_hal_tim.o
 .debug_macro   0x00000000000164db      0x197 ./Drivers/STM32F1xx_HAL_Driver/Src/stm32f1xx_hal_tim_ex.o

.debug_line     0x0000000000000000     0xc751
 .debug_line    0x0000000000000000      0x7a2 ./Core/Src/button2.o
 .debug_line    0x00000000000007a2      0x79e ./Core/Src/display7SEG.o
 .debug_line    0x0000000000000f40      0x745 ./Core/Src/fns_automata.o
 .debug_line    0x0000000000001685      0x751 ./Core/Src/fns_mode.o
 .debug_line    0x0000000000001dd6      0x70e ./Core/Src/func_setting_mode.o
 .debug_line    0x00000000000024e4      0x68f ./Core/Src/global.o
 .debug_line    0x0000000000002b73      0x76d ./Core/Src/led_traffic.o
 .debug_line    0x00000000000032e0      0x7e2 ./Core/Src/main.o
 .debug_line    0x0000000000003ac2      0x113 ./Core/Src/software_timer.o
 .debug_line    0x0000000000003bd5      0x6a1 ./Core/Src/stm32f1xx_hal_msp.o
 .debug_line    0x0000000000004276      0x73f ./Core/Src/stm32f1xx_it.o
 .debug_line    0x00000000000049b5      0x6e3 ./Core/Src/system_stm32f1xx.o
 .debug_line    0x0000000000005098       0x86 ./Core/Startup/startup_stm32f103c6ux.o
 .debug_line    0x000000000000511e      0x910 ./Drivers/STM32F1xx_HAL_Driver/Src/stm32f1xx_hal.o
 .debug_line    0x0000000000005a2e      0xaf8 ./Drivers/STM32F1xx_HAL_Driver/Src/stm32f1xx_hal_cortex.o
 .debug_line    0x0000000000006526      0x993 ./Drivers/STM32F1xx_HAL_Driver/Src/stm32f1xx_hal_gpio.o
 .debug_line    0x0000000000006eb9      0xd1c ./Drivers/STM32F1xx_HAL_Driver/Src/stm32f1xx_hal_rcc.o
 .debug_line    0x0000000000007bd5     0x3346 ./Drivers/STM32F1xx_HAL_Driver/Src/stm32f1xx_hal_tim.o
 .debug_line    0x000000000000af1b     0x1836 ./Drivers/STM32F1xx_HAL_Driver/Src/stm32f1xx_hal_tim_ex.o

.debug_str      0x0000000000000000    0x824ef
 .debug_str     0x0000000000000000    0x7f88d ./Core/Src/button2.o
                                      0x7fc21 (size before relaxing)
 .debug_str     0x000000000007f88d      0x100 ./Core/Src/display7SEG.o
                                      0x7fc5c (size before relaxing)
 .debug_str     0x000000000007f98d       0x41 ./Core/Src/fns_automata.o
                                      0x7fb75 (size before relaxing)
 .debug_str     0x000000000007f9ce       0x53 ./Core/Src/fns_mode.o
                                      0x7fbbf (size before relaxing)
 .debug_str     0x000000000007fa21       0x3a ./Core/Src/func_setting_mode.o
                                      0x7fba2 (size before relaxing)
 .debug_str     0x000000000007fa5b       0x15 ./Core/Src/global.o
                                      0x7fb34 (size before relaxing)
 .debug_str     0x000000000007fa70       0xdf ./Core/Src/led_traffic.o
                                      0x7fc39 (size before relaxing)
 .debug_str     0x000000000007fb4f      0x6df ./Core/Src/main.o
                                      0x80317 (size before relaxing)
 .debug_str     0x000000000008022e       0x7f ./Core/Src/software_timer.o
                                       0x2e15 (size before relaxing)
 .debug_str     0x00000000000802ad      0x2ba ./Core/Src/stm32f1xx_hal_msp.o
                                      0x801e8 (size before relaxing)
 .debug_str     0x0000000000080567       0xcd ./Core/Src/stm32f1xx_it.o
                                      0x7ff4a (size before relaxing)
 .debug_str     0x0000000000080634       0x52 ./Core/Src/system_stm32f1xx.o
                                      0x7f6cc (size before relaxing)
 .debug_str     0x0000000000080686       0x36 ./Core/Startup/startup_stm32f103c6ux.o
                                         0x5b (size before relaxing)
 .debug_str     0x00000000000806bc      0x304 ./Drivers/STM32F1xx_HAL_Driver/Src/stm32f1xx_hal.o
                                      0x7fd23 (size before relaxing)
 .debug_str     0x00000000000809c0      0x300 ./Drivers/STM32F1xx_HAL_Driver/Src/stm32f1xx_hal_cortex.o
                                      0x7fd2b (size before relaxing)
 .debug_str     0x0000000000080cc0      0x324 ./Drivers/STM32F1xx_HAL_Driver/Src/stm32f1xx_hal_gpio.o
                                      0x7fa90 (size before relaxing)
 .debug_str     0x0000000000080fe4      0x24f ./Drivers/STM32F1xx_HAL_Driver/Src/stm32f1xx_hal_rcc.o
                                      0x7fac9 (size before relaxing)
 .debug_str     0x0000000000081233      0xdce ./Drivers/STM32F1xx_HAL_Driver/Src/stm32f1xx_hal_tim.o
                                      0x80aa2 (size before relaxing)
 .debug_str     0x0000000000082001      0x4ee ./Drivers/STM32F1xx_HAL_Driver/Src/stm32f1xx_hal_tim_ex.o
                                      0x80253 (size before relaxing)

.comment        0x0000000000000000       0x53
 .comment       0x0000000000000000       0x53 ./Core/Src/button2.o
                                         0x54 (size before relaxing)
 .comment       0x0000000000000053       0x54 ./Core/Src/display7SEG.o
 .comment       0x0000000000000053       0x54 ./Core/Src/fns_automata.o
 .comment       0x0000000000000053       0x54 ./Core/Src/fns_mode.o
 .comment       0x0000000000000053       0x54 ./Core/Src/func_setting_mode.o
 .comment       0x0000000000000053       0x54 ./Core/Src/global.o
 .comment       0x0000000000000053       0x54 ./Core/Src/led_traffic.o
 .comment       0x0000000000000053       0x54 ./Core/Src/main.o
 .comment       0x0000000000000053       0x54 ./Core/Src/software_timer.o
 .comment       0x0000000000000053       0x54 ./Core/Src/stm32f1xx_hal_msp.o
 .comment       0x0000000000000053       0x54 ./Core/Src/stm32f1xx_it.o
 .comment       0x0000000000000053       0x54 ./Core/Src/system_stm32f1xx.o
 .comment       0x0000000000000053       0x54 ./Drivers/STM32F1xx_HAL_Driver/Src/stm32f1xx_hal.o
 .comment       0x0000000000000053       0x54 ./Drivers/STM32F1xx_HAL_Driver/Src/stm32f1xx_hal_cortex.o
 .comment       0x0000000000000053       0x54 ./Drivers/STM32F1xx_HAL_Driver/Src/stm32f1xx_hal_gpio.o
 .comment       0x0000000000000053       0x54 ./Drivers/STM32F1xx_HAL_Driver/Src/stm32f1xx_hal_rcc.o
 .comment       0x0000000000000053       0x54 ./Drivers/STM32F1xx_HAL_Driver/Src/stm32f1xx_hal_tim.o
 .comment       0x0000000000000053       0x54 ./Drivers/STM32F1xx_HAL_Driver/Src/stm32f1xx_hal_tim_ex.o

.debug_frame    0x0000000000000000     0x29b8
 .debug_frame   0x0000000000000000       0xac ./Core/Src/button2.o
 .debug_frame   0x00000000000000ac       0xa0 ./Core/Src/display7SEG.o
 .debug_frame   0x000000000000014c       0x34 ./Core/Src/fns_automata.o
 .debug_frame   0x0000000000000180       0x2c ./Core/Src/fns_mode.o
 .debug_frame   0x00000000000001ac       0x64 ./Core/Src/func_setting_mode.o
 .debug_frame   0x0000000000000210      0x130 ./Core/Src/led_traffic.o
 .debug_frame   0x0000000000000340       0xd4 ./Core/Src/main.o
 .debug_frame   0x0000000000000414       0xb0 ./Core/Src/software_timer.o
 .debug_frame   0x00000000000004c4       0x80 ./Core/Src/stm32f1xx_hal_msp.o
 .debug_frame   0x0000000000000544      0x120 ./Core/Src/stm32f1xx_it.o
 .debug_frame   0x0000000000000664       0x58 ./Core/Src/system_stm32f1xx.o
 .debug_frame   0x00000000000006bc      0x334 ./Drivers/STM32F1xx_HAL_Driver/Src/stm32f1xx_hal.o
 .debug_frame   0x00000000000009f0      0x428 ./Drivers/STM32F1xx_HAL_Driver/Src/stm32f1xx_hal_cortex.o
 .debug_frame   0x0000000000000e18      0x14c ./Drivers/STM32F1xx_HAL_Driver/Src/stm32f1xx_hal_gpio.o
 .debug_frame   0x0000000000000f64      0x218 ./Drivers/STM32F1xx_HAL_Driver/Src/stm32f1xx_hal_rcc.o
 .debug_frame   0x000000000000117c     0x11b8 ./Drivers/STM32F1xx_HAL_Driver/Src/stm32f1xx_hal_tim.o
 .debug_frame   0x0000000000002334      0x638 ./Drivers/STM32F1xx_HAL_Driver/Src/stm32f1xx_hal_tim_ex.o
 .debug_frame   0x000000000000296c       0x2c c:/st/stm32cubeide_1.7.0/stm32cubeide/plugins/com.st.stm32cube.ide.mcu.externaltools.gnu-tools-for-stm32.9-2020-q2-update.win32_2.0.0.202105311346/tools/bin/../lib/gcc/arm-none-eabi/9.3.1/../../../../arm-none-eabi/lib/thumb/v7-m/nofp\libc_nano.a(lib_a-init.o)
 .debug_frame   0x0000000000002998       0x20 c:/st/stm32cubeide_1.7.0/stm32cubeide/plugins/com.st.stm32cube.ide.mcu.externaltools.gnu-tools-for-stm32.9-2020-q2-update.win32_2.0.0.202105311346/tools/bin/../lib/gcc/arm-none-eabi/9.3.1/../../../../arm-none-eabi/lib/thumb/v7-m/nofp\libc_nano.a(lib_a-memset.o)
