16:02:38 **** Incremental Build of configuration Debug for project LAB3 ****
make -j8 all 
arm-none-eabi-gcc "../Core/Src/func_setting_mode.c" -mcpu=cortex-m3 -std=gnu11 -g3 -DDEBUG -DUSE_HAL_DRIVER -DSTM32F103x6 -c -I../Core/Inc -I../Drivers/STM32F1xx_HAL_Driver/Inc -I../Drivers/STM32F1xx_HAL_Driver/Inc/Legacy -I../Drivers/CMSIS/Device/ST/STM32F1xx/Include -I../Drivers/CMSIS/Include -O0 -ffunction-sections -fdata-sections -Wall -fstack-usage -MMD -MP -MF"Core/Src/func_setting_mode.d" -MT"Core/Src/func_setting_mode.o" --specs=nano.specs -mfloat-abi=soft -mthumb -o "Core/Src/func_setting_mode.o"
In file included from ../Core/Inc/func_setting_mode.h:11,
                 from ../Core/Src/func_setting_mode.c:8:
../Core/Inc/global.h:42:12: warning: built-in function 'index' declared as non-function [-Wbuiltin-declaration-mismatch]
   42 | extern int index;
      |            ^~~~~
../Core/Src/func_setting_mode.c: In function 'run_MODE2':
../Core/Src/func_setting_mode.c:14:2: warning: implicit declaration of function 'set_update7SEG_VALUE' [-Wimplicit-function-declaration]
   14 |  set_update7SEG_VALUE();
      |  ^~~~~~~~~~~~~~~~~~~~
arm-none-eabi-gcc -o "LAB3.elf" @"objects.list"   -mcpu=cortex-m3 -T"D:\Study\MCU\LAD_MCU\LAB3\LAB3\STM32F103C6UX_FLASH.ld" --specs=nosys.specs -Wl,-Map="LAB3.map" -Wl,--gc-sections -static --specs=nano.specs -mfloat-abi=soft -mthumb -Wl,--start-group -lc -lm -Wl,--end-group
Finished building target: LAB3.elf
 
arm-none-eabi-size   LAB3.elf 
arm-none-eabi-objdump -h -S  LAB3.elf  > "LAB3.list"
arm-none-eabi-objcopy  -O ihex  LAB3.elf  "LAB3.hex"
arm-none-eabi-objcopy  -O binary  LAB3.elf  "LAB3.bin"
   text	   data	    bss	    dec	    hex	filename
  11116	     72	   1760	  12948	   3294	LAB3.elf
Finished building: default.size.stdout
 
Finished building: LAB3.bin
Finished building: LAB3.hex
 
 
Finished building: LAB3.list
 

16:02:39 Build Finished. 0 errors, 2 warnings. (took 677ms)

